------------------------------------------------------------
Timing Analyzer Summary
------------------------------------------------------------

Type  : Slow 1200mV 85C Model Setup 'PLL|altpll_component|pll|clk[0]'
Slack : -7.472
TNS   : -22.408

Type  : Slow 1200mV 85C Model Setup 'controlador_vga_640_x_480_60:VGA|vga_vs'
Slack : -4.755
TNS   : -76.072

Type  : Slow 1200mV 85C Model Hold 'controlador_vga_640_x_480_60:VGA|vga_vs'
Slack : 0.386
TNS   : 0.000

Type  : Slow 1200mV 85C Model Hold 'PLL|altpll_component|pll|clk[0]'
Slack : 0.403
TNS   : 0.000

Type  : Slow 1200mV 85C Model Minimum Pulse Width 'controlador_vga_640_x_480_60:VGA|vga_vs'
Slack : -1.285
TNS   : -52.685

Type  : Slow 1200mV 85C Model Minimum Pulse Width 'CLOCK_50'
Slack : 9.891
TNS   : 0.000

Type  : Slow 1200mV 85C Model Minimum Pulse Width 'PLL|altpll_component|pll|clk[0]'
Slack : 19.710
TNS   : 0.000

Type  : Slow 1200mV 0C Model Setup 'PLL|altpll_component|pll|clk[0]'
Slack : -6.576
TNS   : -19.720

Type  : Slow 1200mV 0C Model Setup 'controlador_vga_640_x_480_60:VGA|vga_vs'
Slack : -4.206
TNS   : -65.178

Type  : Slow 1200mV 0C Model Hold 'controlador_vga_640_x_480_60:VGA|vga_vs'
Slack : 0.339
TNS   : 0.000

Type  : Slow 1200mV 0C Model Hold 'PLL|altpll_component|pll|clk[0]'
Slack : 0.355
TNS   : 0.000

Type  : Slow 1200mV 0C Model Minimum Pulse Width 'controlador_vga_640_x_480_60:VGA|vga_vs'
Slack : -1.285
TNS   : -52.685

Type  : Slow 1200mV 0C Model Minimum Pulse Width 'CLOCK_50'
Slack : 9.887
TNS   : 0.000

Type  : Slow 1200mV 0C Model Minimum Pulse Width 'PLL|altpll_component|pll|clk[0]'
Slack : 19.703
TNS   : 0.000

Type  : Fast 1200mV 0C Model Setup 'PLL|altpll_component|pll|clk[0]'
Slack : -3.326
TNS   : -9.971

Type  : Fast 1200mV 0C Model Setup 'controlador_vga_640_x_480_60:VGA|vga_vs'
Slack : -1.792
TNS   : -17.048

Type  : Fast 1200mV 0C Model Hold 'controlador_vga_640_x_480_60:VGA|vga_vs'
Slack : 0.174
TNS   : 0.000

Type  : Fast 1200mV 0C Model Hold 'PLL|altpll_component|pll|clk[0]'
Slack : 0.183
TNS   : 0.000

Type  : Fast 1200mV 0C Model Minimum Pulse Width 'controlador_vga_640_x_480_60:VGA|vga_vs'
Slack : -1.000
TNS   : -41.000

Type  : Fast 1200mV 0C Model Minimum Pulse Width 'CLOCK_50'
Slack : 9.574
TNS   : 0.000

Type  : Fast 1200mV 0C Model Minimum Pulse Width 'PLL|altpll_component|pll|clk[0]'
Slack : 19.781
TNS   : 0.000

------------------------------------------------------------
